[1] MAP_CREATED width=5 height=5 
[1] UNIT_SPAWNED unitId=1 unitType=Warrior x=0 y=0 
[1] UNIT_SPAWNED unitId=2 unitType=Archer x=5 y=0 
[1] MARCH_STARTED unitId=1 x=0 y=0 targetX=3 targetY=0 
[2] UNIT_MOVED unitId=1 x=1 y=0 
[2] UNIT_ATTACKED attackerUnitId=2 targetUnitId=1 damage=5 targetHp=0 
[2] UNIT_DIED unitId=1 
