[1] MAP_CREATED width=10 height=10 
[1] UNIT_SPAWNED unitId=1 unitType=Warrior x=0 y=0 
[1] UNIT_SPAWNED unitId=2 unitType=Archer x=9 y=0 
[1] MARCH_STARTED unitId=1 x=0 y=0 targetX=9 targetY=0 
[1] MARCH_STARTED unitId=2 x=9 y=0 targetX=0 targetY=0 
[1] UNIT_SPAWNED unitId=3 unitType=Warrior x=0 y=9 
[1] MARCH_STARTED unitId=3 x=0 y=9 targetX=0 targetY=0 
[2] UNIT_MOVED unitId=1 x=1 y=0 
[2] UNIT_MOVED unitId=2 x=8 y=0 
[2] UNIT_MOVED unitId=3 x=0 y=8 
[3] UNIT_MOVED unitId=1 x=2 y=0 
[3] UNIT_MOVED unitId=2 x=7 y=0 
[3] UNIT_MOVED unitId=3 x=0 y=7 
[4] UNIT_MOVED unitId=1 x=3 y=0 
[4] UNIT_ATTACKED attackerUnitId=2 targetUnitId=1 damage=5 targetHp=0 
[4] UNIT_DIED unitId=1 
[4] UNIT_MOVED unitId=3 x=0 y=6 
[5] UNIT_MOVED unitId=2 x=6 y=0 
[5] UNIT_MOVED unitId=3 x=0 y=5 
[6] UNIT_MOVED unitId=2 x=5 y=0 
[6] UNIT_MOVED unitId=3 x=0 y=4 
[7] UNIT_MOVED unitId=2 x=4 y=0 
[7] UNIT_MOVED unitId=3 x=0 y=3 
[8] UNIT_MOVED unitId=2 x=3 y=0 
[8] UNIT_MOVED unitId=3 x=0 y=2 
[9] UNIT_ATTACKED attackerUnitId=2 targetUnitId=3 damage=5 targetHp=5 
[9] UNIT_MOVED unitId=3 x=0 y=1 
[10] UNIT_ATTACKED attackerUnitId=2 targetUnitId=3 damage=5 targetHp=0 
[10] UNIT_DIED unitId=3 
[10] UNIT_MOVED unitId=3 x=0 y=0 
[10] MARCH_ENDED unitId=3 x=0 y=0 
