[1] MAP_CREATED width=5 height=5 
[1] UNIT_SPAWNED unitId=1 unitType=Warrior x=0 y=0 
[1] UNIT_SPAWNED unitId=2 unitType=Warrior x=1 y=0 
[2] UNIT_ATTACKED attackerUnitId=1 targetUnitId=2 damage=2 targetHp=3 
[2] UNIT_ATTACKED attackerUnitId=2 targetUnitId=1 damage=2 targetHp=3 
[3] UNIT_ATTACKED attackerUnitId=1 targetUnitId=2 damage=2 targetHp=1 
[3] UNIT_ATTACKED attackerUnitId=2 targetUnitId=1 damage=2 targetHp=1 
[4] UNIT_ATTACKED attackerUnitId=1 targetUnitId=2 damage=2 targetHp=0 
[4] UNIT_DIED unitId=2 
[4] UNIT_ATTACKED attackerUnitId=2 targetUnitId=1 damage=2 targetHp=0 
[4] UNIT_DIED unitId=1 
