[1] MAP_CREATED width=5 height=5 
[1] UNIT_SPAWNED unitId=1 unitType=Warrior x=0 y=0 
[1] UNIT_SPAWNED unitId=2 unitType=Warrior x=2 y=0 
[1] MARCH_STARTED unitId=1 x=0 y=0 targetX=0 targetY=7 
[1] MARCH_STARTED unitId=2 x=2 y=0 targetX=1 targetY=7 
[2] UNIT_MOVED unitId=1 x=0 y=1 
[2] UNIT_MOVED unitId=2 x=1 y=1 
[3] UNIT_ATTACKED attackerUnitId=1 targetUnitId=2 damage=2 targetHp=3 
[3] UNIT_ATTACKED attackerUnitId=2 targetUnitId=1 damage=2 targetHp=3 
[4] UNIT_ATTACKED attackerUnitId=1 targetUnitId=2 damage=2 targetHp=1 
[4] UNIT_ATTACKED attackerUnitId=2 targetUnitId=1 damage=2 targetHp=1 
[5] UNIT_ATTACKED attackerUnitId=1 targetUnitId=2 damage=2 targetHp=0 
[5] UNIT_DIED unitId=2 
[5] UNIT_ATTACKED attackerUnitId=2 targetUnitId=1 damage=2 targetHp=0 
[5] UNIT_DIED unitId=1 
