[1] MAP_CREATED width=5 height=5 
[1] UNIT_SPAWNED unitId=1 unitType=Warrior x=1 y=3 
[1] UNIT_SPAWNED unitId=2 unitType=Archer x=5 y=3 
[2] UNIT_ATTACKED attackerUnitId=2 targetUnitId=1 damage=2 targetHp=3 
[3] UNIT_ATTACKED attackerUnitId=2 targetUnitId=1 damage=2 targetHp=1 
[4] UNIT_ATTACKED attackerUnitId=2 targetUnitId=1 damage=2 targetHp=0 
[4] UNIT_DIED unitId=1 
